// Jest Snapshot v1, https://goo.gl/fbAQLP

exports[`Snapshot test of Header 1`] = `
<div
  className={null}
  styleName="Header"
>
  <HeaderBar />
  <div
    styleName="HeaderMenuWrapper"
  >
    <PropsContentProvider />
  </div>
  <PropsContentProvider />
  <div
    styleName="BackgroundImageWrapper"
  >
    <div
      className=""
      styleName="BackgroundImage"
    />
  </div>
  <div
    styleName="HeaderElementWrapper"
  >
    <PropsContentProvider />
  </div>
  <div
    styleName="ExpandableMenuWrapper"
  >
    <TopExpandableMenu
      coverScreen={true}
    />
  </div>
</div>
`;
