// Jest Snapshot v1, https://goo.gl/fbAQLP

exports[`Snapshot test of Header 1`] = `
<div
  styleName="HeaderBar"
>
  <div
    styleName="LogoWrapper"
  >
    <Logo
      small={true}
    />
  </div>
  <div
    styleName="MenuWrapper"
  >
    <PropsContentProvider
      isCollapsed={false}
      plainLoginButton={true}
      small={true}
    />
  </div>
</div>
`;
