// Jest Snapshot v1, https://goo.gl/fbAQLP

exports[`Snapshot test of Section 1`] = `
<div
  id="mysectionid"
  styleName="Section"
>
  <div
    styleName="SectionHeader"
  >
    <div
      styleName="CenteredTitleWrapper"
    >
      <a
        href="#mysectionid"
        styleName="TitleAutolink"
      >
        #
      </a>
      My Section!
    </div>
  </div>
  <div
    styleName="SectionContent"
  >
    <div
      styleName="SectionLeft"
    />
  </div>
</div>
`;
