// Jest Snapshot v1, https://goo.gl/fbAQLP

exports[`Snapshot test of SectionHeader 1`] = `
<div
  styleName="SectionHeader"
>
  <div
    styleName="TitleWrapper"
  >
    <a
      className={null}
      href="#mysectionid"
      styleName="TitleAutolink"
    >
      My Section!
    </a>
  </div>
</div>
`;
